exports[`test mutation-delete.graphql 1`] = `
Object {
  "data": Object {
    "a": Object {
      "clientMutationId": null,
      "deletedPostId": "WyJwb3N0cyIsMV0=",
      "post": Object {
        "authorId": 2,
        "headline": "No… It’s a thing; it’s like a plan, but with more greatness.",
        "id": "WyJwb3N0cyIsMV0=",
        "rowId": 1,
      },
      "query": Object {
        "id": "query",
      },
    },
    "b": Object {
      "clientMutationId": "hello",
      "deletedPostId": "WyJwb3N0cyIsMl0=",
      "post": Object {
        "authorId": 1,
        "headline": "I hate yogurt. It’s just stuff with bits in.",
        "id": "WyJwb3N0cyIsMl0=",
        "rowId": 2,
      },
      "query": Object {
        "id": "query",
      },
    },
    "c": null,
    "d": Object {
      "clientMutationId": "world",
      "deletedPostId": "WyJwb3N0cyIsM10=",
      "post": Object {
        "authorId": 1,
        "headline": "Is that a cooking show?",
        "id": "WyJwb3N0cyIsM10=",
        "rowId": 3,
      },
      "query": Object {
        "id": "query",
      },
    },
    "e": Object {
      "clientMutationId": null,
      "deletedPostId": "WyJwb3N0cyIsNl0=",
      "post": Object {
        "authorId": 3,
        "headline": "Stop talking, brain thinking. Hush.",
        "id": "WyJwb3N0cyIsNl0=",
        "rowId": 6,
      },
      "query": Object {
        "id": "query",
      },
    },
    "f": Object {
      "clientMutationId": "hello",
      "deletedPostId": "WyJwb3N0cyIsOV0=",
      "post": Object {
        "authorId": 3,
        "headline": "You know how I sometimes have really brilliant ideas?",
        "id": "WyJwb3N0cyIsOV0=",
        "rowId": 9,
      },
      "query": Object {
        "id": "query",
      },
    },
    "g": null,
    "h": Object {
      "clientMutationId": "world",
      "deletedPostId": "WyJwb3N0cyIsMTFd",
      "post": Object {
        "authorId": 3,
        "headline": "They’re not aliens, they’re Earth…liens!",
        "id": "WyJwb3N0cyIsMTFd",
        "rowId": 11,
      },
      "query": Object {
        "id": "query",
      },
    },
    "i": Object {
      "clientMutationId": null,
      "compoundKey": Object {
        "id": "WyJjb21wb3VuZF9rZXlzIiw0LDNd",
        "personByPersonId1": Object {
          "id": "WyJwZW9wbGUiLDRd",
          "name": "Kathryn Ramirez",
        },
        "personByPersonId2": Object {
          "id": "WyJwZW9wbGUiLDNd",
          "name": "Budd Deey",
        },
        "personId1": 4,
        "personId2": 3,
      },
      "deletedCompoundKeyId": "WyJjb21wb3VuZF9rZXlzIiw0LDNd",
      "query": Object {
        "id": "query",
      },
    },
    "j": Object {
      "clientMutationId": null,
      "compoundKey": Object {
        "id": "WyJjb21wb3VuZF9rZXlzIiwyLDNd",
        "personByPersonId1": Object {
          "id": "WyJwZW9wbGUiLDJd",
          "name": "Sara Smith",
        },
        "personByPersonId2": Object {
          "id": "WyJwZW9wbGUiLDNd",
          "name": "Budd Deey",
        },
        "personId1": 2,
        "personId2": 3,
      },
      "deletedCompoundKeyId": "WyJjb21wb3VuZF9rZXlzIiwyLDNd",
      "query": Object {
        "id": "query",
      },
    },
    "k": Object {
      "clientMutationId": null,
      "deletedPersonId": "WyJwZW9wbGUiLDNd",
      "person": Object {
        "email": "budd.deey@email.com",
        "id": "WyJwZW9wbGUiLDNd",
        "name": "Budd Deey",
        "rowId": 3,
      },
      "query": Object {
        "id": "query",
      },
    },
  },
  "errors": Array [
    [GraphQLError: No values were deleted in collection 'posts' because no values were found.],
    [GraphQLError: No values were deleted in collection 'posts' because no values were found.],
  ],
}
`;
